C51 COMPILER V9.60.0.0   DISPLAY                                                           06/20/2026 00:07:47 PAGE 1   


C51 COMPILER V9.60.0.0, COMPILATION OF MODULE DISPLAY
OBJECT MODULE PLACED IN .\Objects\display.obj
COMPILER INVOKED BY: E:\Keil\C51\BIN\C51.EXE src\display.c OPTIMIZE(8,SPEED) BROWSE INCDIR(.\inc) DEBUG OBJECTEXTEND PRI
                    -NT(.\Listings\display.lst) TABS(2) OBJECT(.\Objects\display.obj)

line level    source

   1          /**
   2           * display.c - 数码管显示缓冲更新模块
   3           *
   4           * 根据当前模式和闪烁标志更新 display_buffer[4]。
   5           * 设置模式 (MODE_SET_WORK / MODE_SET_REST) 下对应数字位以
   6           * 0.5s 周期闪烁 (显示/隐藏交替)。
   7           *
   8           * 显示缓冲:
   9           *   buffer[0]: 分钟十位
  10           *   buffer[1]: 分钟个位
  11           *   buffer[2]: 秒数十位
  12           *   buffer[3]: 秒数个位
  13           */
  14          #include "config.h"
  15          #include "display.h"
  16          
  17          /**
  18           * Update_Display_Buffer - 更新 4 位显示缓冲
  19           *
  20           * 闪烁逻辑:
  21           *   MODE_SET_WORK: half_sec_flag=1 时分钟位显示空白 (闪烁)
  22           *   MODE_SET_REST: half_sec_flag=1 时秒位显示空白 (闪烁)
  23           *   其他模式: 正常显示
  24           */
  25          void Update_Display_Buffer()
  26          {
  27   1          if (mode == MODE_SET_WORK && half_sec_flag) {
  28   2              display_buffer[0] = SEG_BLANK;
  29   2              display_buffer[1] = SEG_BLANK;
  30   2          } else {
  31   2              display_buffer[0] = min / 10;
  32   2              display_buffer[1] = min % 10;
  33   2          }
  34   1      
  35   1          if (mode == MODE_SET_REST && half_sec_flag) {
  36   2              display_buffer[2] = SEG_BLANK;
  37   2              display_buffer[3] = SEG_BLANK;
  38   2          } else {
  39   2              display_buffer[2] = sec / 10;
  40   2              display_buffer[3] = sec % 10;
  41   2          }
  42   1      }


MODULE INFORMATION:   STATIC OVERLAYABLE
   CODE SIZE        =     71    ----
   CONSTANT SIZE    =   ----    ----
   XDATA SIZE       =   ----    ----
   PDATA SIZE       =   ----    ----
   DATA SIZE        =   ----    ----
   IDATA SIZE       =   ----    ----
   BIT SIZE         =   ----    ----
END OF MODULE INFORMATION.


C51 COMPILATION COMPLETE.  0 WARNING(S),  0 ERROR(S)
