C51 COMPILER V9.60.0.0   TIMER                                                             06/20/2026 00:07:47 PAGE 1   


C51 COMPILER V9.60.0.0, COMPILATION OF MODULE TIMER
OBJECT MODULE PLACED IN .\Objects\timer.obj
COMPILER INVOKED BY: E:\Keil\C51\BIN\C51.EXE src\timer.c OPTIMIZE(8,SPEED) BROWSE INCDIR(.\inc) DEBUG OBJECTEXTEND PRINT
                    -(.\Listings\timer.lst) TABS(2) OBJECT(.\Objects\timer.obj)

line level    source

   1          /**
   2           * timer.c - Timer0 中断服务模块
   3           *
   4           * Timer0 Mode 1 (16-bit), 1ms 精确定时 @ 11.0592MHz。
   5           * ISR 完成两项核心任务:
   6           *   1. 动态 4 位共阴数码管扫描 (每 1ms 切换一位)
   7           *   2. 毫秒累加 → 500ms 闪烁标志 + 1s 秒标志
   8           *
   9           * 定时器初值计算:
  10           *   机器周期 = 12/11059200 ≈ 1.085 us
  11           *   1ms 计数值 = 1000/1.085 ≈ 922
  12           *   初值 = 65536 - 922 = 64614 = 0xFC66
  13           */
  14          
  15          #include "config.h"
  16          #include "timer.h"
  17          
  18          unsigned char code SEG_TABLE[] = {
  19            0x3F,
  20            0x06,
  21            0x5B,
  22            0x4F,
  23            0x66,
  24            0x6D,
  25            0x7D,
  26            0x07,
  27            0x7F,
  28            0x6F,
  29            0x00
  30          };
  31          
  32          unsigned char display_buffer[4] = {0,0,0,0};
  33          
  34          unsigned char mode = MODE_IDLE;
  35          unsigned char work_time = DEFAULT_WORK_MIN;
  36          unsigned char rest_time = DEFAULT_REST_MIN;
  37          unsigned char min = DEFAULT_WORK_MIN;
  38          unsigned char sec = 0;
  39          
  40          unsigned int ms_count = 0;
  41          bit half_sec_flag = 0;
  42          bit sec_flag = 0;
  43          
  44          void Timer0_Init()
  45          {
  46   1        TMOD &= 0xF0;
  47   1        TMOD |= 0x01;
  48   1        TH0 = TIMER0_TH;
  49   1        TL0 = TIMER0_TL;
  50   1        ET0 = 1;
  51   1        TR0 = 1;
  52   1        EA = 1;
  53   1      }
  54          
C51 COMPILER V9.60.0.0   TIMER                                                             06/20/2026 00:07:47 PAGE 2   

  55          void Timer0_ISR() interrupt 1
  56          {
  57   1        static unsigned char digit = 0;
  58   1        
  59   1        TH0 = TIMER0_TH;
  60   1        TL0 = TIMER0_TL;
  61   1        
  62   1        P2 |= 0x0F;
  63   1        P0 = 0x00;
  64   1        
  65   1        switch(digit)
  66   1        {
  67   2          case 0: 
  68   2            P0 = SEG_TABLE[display_buffer[0]];
  69   2            P2 &= ~0x01;
  70   2          break;
  71   2          case 1:
  72   2            P0 = SEG_TABLE[display_buffer[1]];
  73   2            if ((mode == MODE_WORK_RUN || mode == MODE_REST_RUN) &&
  74   2                half_sec_flag)
  75   2            {
  76   3              P0 |= 0x80;
  77   3            } else if (mode == MODE_IDLE || mode == MODE_WORK_PAUSE ||
  78   2                        mode == MODE_WORK_DONE || mode == MODE_REST_PAUSE)
  79   2            {
  80   3              P0 |= 0x80;
  81   3            }
  82   2            P2 &= ~0x02;
  83   2          break;
  84   2          case 2:
  85   2            P0 = SEG_TABLE[display_buffer[2]];
  86   2            P2 &= ~0x04;
  87   2          break;
  88   2          case 3:
  89   2            P0 = SEG_TABLE[display_buffer[3]];
  90   2            P2 &= ~0x08;
  91   2          break;
  92   2        }
  93   1        
  94   1        digit++;
  95   1        if (digit > 3)
  96   1        {
  97   2          digit = 0;
  98   2        }
  99   1        
 100   1        ms_count++;
 101   1        if (ms_count == 500)
 102   1        {
 103   2          half_sec_flag = ~half_sec_flag;
 104   2        }
 105   1        
 106   1        if (ms_count >= MS_PER_SEC)
 107   1        {
 108   2          ms_count = 0;
 109   2          sec_flag = 1;
 110   2        }
 111   1      }


MODULE INFORMATION:   STATIC OVERLAYABLE
   CODE SIZE        =    221    ----
   CONSTANT SIZE    =     11    ----
C51 COMPILER V9.60.0.0   TIMER                                                             06/20/2026 00:07:47 PAGE 3   

   XDATA SIZE       =   ----    ----
   PDATA SIZE       =   ----    ----
   DATA SIZE        =     12    ----
   IDATA SIZE       =   ----    ----
   BIT SIZE         =      2    ----
END OF MODULE INFORMATION.


C51 COMPILATION COMPLETE.  0 WARNING(S),  0 ERROR(S)
